------------------------------------------------------------
Timing Analyzer Summary
------------------------------------------------------------

Type  : Slow 1200mV 85C Model Setup 'in_freq_anemometre'
Slack : -1.365
TNS   : -13.797

Type  : Slow 1200mV 85C Model Hold 'in_freq_anemometre'
Slack : 0.552
TNS   : 0.000

Type  : Slow 1200mV 85C Model Minimum Pulse Width 'in_freq_anemometre'
Slack : -3.000
TNS   : -18.000

Type  : Slow 1200mV 0C Model Setup 'in_freq_anemometre'
Slack : -1.130
TNS   : -10.802

Type  : Slow 1200mV 0C Model Hold 'in_freq_anemometre'
Slack : 0.502
TNS   : 0.000

Type  : Slow 1200mV 0C Model Minimum Pulse Width 'in_freq_anemometre'
Slack : -3.000
TNS   : -18.000

Type  : Fast 1200mV 0C Model Setup 'in_freq_anemometre'
Slack : -0.305
TNS   : -1.930

Type  : Fast 1200mV 0C Model Hold 'in_freq_anemometre'
Slack : 0.287
TNS   : 0.000

Type  : Fast 1200mV 0C Model Minimum Pulse Width 'in_freq_anemometre'
Slack : -3.000
TNS   : -19.452

------------------------------------------------------------
